﻿
> frontend@0.0.0 build
> tsc -b && vite build

[36mvite v8.0.10 [32mbuilding client environment for production...[36m[39m
[2K
transforming...Γ£ô 2334 modules transformed.
rendering chunks...
computing gzip size...
dist/index.html                                           1.14 kB Γöé gzip:   0.59 kB
dist/assets/index-B3U9Og4U.css                           57.31 kB Γöé gzip:  10.46 kB
dist/assets/en_US-Y4ZOVFV4-vjbcJ1SN.js                    0.06 kB Γöé gzip:   0.07 kB
dist/assets/connectors-BDGebxkf.js                        0.13 kB Γöé gzip:   0.13 kB
dist/assets/connectors-DT3vrnNo.js                        0.13 kB Γöé gzip:   0.13 kB
dist/assets/connectors-B1naV23e.js                        0.14 kB Γöé gzip:   0.14 kB
dist/assets/connectors-D0R89u7j.js                        0.14 kB Γöé gzip:   0.14 kB
dist/assets/connectors-CbHMIR_K.js                        0.14 kB Γöé gzip:   0.14 kB
dist/assets/celo-GEP4TUHG-DvrFH97C.js                     0.50 kB Γöé gzip:   0.30 kB
dist/assets/Windows-PPTHQER6-Bub-frm8.js                  0.52 kB Γöé gzip:   0.29 kB
dist/assets/zetachain-TLDS5IPW-CcDeMeQf.js                0.59 kB Γöé gzip:   0.37 kB
dist/assets/base-OAXLRA4F-Bnz6ujz0.js                     0.60 kB Γöé gzip:   0.32 kB
dist/assets/hyperevm-VKPAA4SA-BR97v8h7.js                 0.72 kB Γöé gzip:   0.41 kB
dist/assets/optimism-HAF2GUT7-CdOwc4lt.js                 0.72 kB Γöé gzip:   0.38 kB
dist/assets/monad-4KWC6TSS-CwbKN2yp.js                    0.73 kB Γöé gzip:   0.40 kB
dist/assets/flow-5FQJFCTK-ztP1MnG-.js                     0.86 kB Γöé gzip:   0.38 kB
dist/assets/baseAccount-44UITRK7-DJBNgJ7X.js              0.90 kB Γöé gzip:   0.39 kB
dist/assets/unichain-C5BWO2ZY-Bq5yCR8N.js                 0.98 kB Γöé gzip:   0.46 kB
dist/assets/superposition-HG6MMR2Y-Bz5KzJgq.js            0.98 kB Γöé gzip:   0.55 kB
dist/assets/linea-QRMVQ5DY-DoIT4hhl.js                    1.04 kB Γöé gzip:   0.46 kB
dist/assets/zksync-DH7HK5U4-BAtKBteH.js                   1.11 kB Γöé gzip:   0.49 kB
dist/assets/avalanche-KOMJD3XY-B4htIXoH.js                1.26 kB Γöé gzip:   0.66 kB
dist/assets/xdc-KJ3TDBYO-jzH5Q85j.js                      1.31 kB Γöé gzip:   0.60 kB
dist/assets/ethereum-RGGVA4PY-DKbD8JfE.js                 1.37 kB Γöé gzip:   0.45 kB
dist/assets/ink-FZMYZWHG-Cx0ggDGQ.js                      1.38 kB Γöé gzip:   0.61 kB
dist/assets/apechain-SX5YFU6N-CtssAca4.js                 1.45 kB Γöé gzip:   0.63 kB
dist/assets/kaia-65D2U3PU-BMoCGhPQ.js                     1.48 kB Γöé gzip:   0.66 kB
dist/assets/degen-FQQ4XGHB-BufBkgn0.js                    1.48 kB Γöé gzip:   0.71 kB
dist/assets/cronos-HJPAQTAE-CcCWmIn1.js                   1.51 kB Γöé gzip:   0.61 kB
dist/assets/polygon-WW6ZI7PM-BaMvI9Ld.js                  1.52 kB Γöé gzip:   0.62 kB
dist/assets/gravity-J5YQHTYH-DaB_JfRv.js                  1.53 kB Γöé gzip:   0.74 kB
dist/assets/bsc-N647EYR2-B_s2kv5Q.js                      1.58 kB Γöé gzip:   0.61 kB
dist/assets/blast-V555OVXZ-CJ5P2ENz.js                    1.66 kB Γöé gzip:   0.73 kB
dist/assets/Chrome-65Q5P54Y-BnC9ewwc.js                   1.72 kB Γöé gzip:   0.58 kB
dist/assets/gnosis-37ZC4RBL-no_DXCn-.js                   1.79 kB Γöé gzip:   0.72 kB
dist/assets/safeWallet-5MNKTR5Z-DGyaekuT.js               1.81 kB Γöé gzip:   0.72 kB
dist/assets/walletConnectWallet-YHWKVTDY-B87GFu6R.js      1.87 kB Γöé gzip:   0.71 kB
dist/assets/Opera-KQZLSACL-QhIsNbHw.js                    2.09 kB Γöé gzip:   0.75 kB
dist/assets/ccip-B6Dr2p44.js                              2.54 kB Γöé gzip:   1.21 kB
dist/assets/arbitrum-WURIBY6W-Bbmd8CiP.js                 2.59 kB Γöé gzip:   0.86 kB
dist/assets/scroll-5OBGQVOV-C9nqPtVj.js                   2.63 kB Γöé gzip:   1.02 kB
dist/assets/ronin-EMCPYXZT-BysQldN7.js                    2.66 kB Γöé gzip:   1.20 kB
dist/assets/zora-FYL5H3IO-CIXECYIu.js                     2.68 kB Γöé gzip:   0.58 kB
dist/assets/refresh-S4T5V5GX-XZFOP0dh.js                  3.00 kB Γöé gzip:   0.96 kB
dist/assets/manta-SI27YFEJ-CA8OtHdA.js                    3.19 kB Γöé gzip:   1.33 kB
dist/assets/connect-UA7M4XW6-CBgpLAAw.js                  3.54 kB Γöé gzip:   1.09 kB
dist/assets/berachain-NJECWIVC-DlCopZJl.js                3.77 kB Γöé gzip:   1.25 kB
dist/assets/hardhat-TX56IT5N-BO0hRKEe.js                  4.19 kB Γöé gzip:   1.35 kB
dist/assets/Brave-BRAKJXDS-Ds3e4nFg.js                    4.25 kB Γöé gzip:   1.50 kB
dist/assets/create-FASO7PVG-CCdHiCqw.js                   4.32 kB Γöé gzip:   1.10 kB
dist/assets/scan-4UYSQ56Q-CBOd_5Vq.js                     4.58 kB Γöé gzip:   1.16 kB
dist/assets/rainbowWallet-O26YNBMX-DuvCXtIC.js            5.11 kB Γöé gzip:   0.95 kB
dist/assets/mantle-CKIUT334-CUKRYsRL.js                   5.26 kB Γöé gzip:   2.29 kB
dist/assets/sign-A7IJEUT5-d4SXSz7m.js                     5.54 kB Γöé gzip:   4.22 kB
dist/assets/Edge-XSPUTORV-Cwrp_KD8.js                     5.81 kB Γöé gzip:   1.34 kB
dist/assets/Arc-VDBY7LNS-DVly5snI.js                      6.62 kB Γöé gzip:   1.64 kB
dist/assets/utils-DUS54ir-.js                             6.78 kB Γöé gzip:   2.52 kB
dist/assets/metaMaskWallet-SITXT2FV-DNFfrAaY.js           8.51 kB Γöé gzip:   1.23 kB
dist/assets/Browser-76IHF3Y2-KUvHcUeS.js                 11.82 kB Γöé gzip:   2.20 kB
dist/assets/login-UP3DZBGS-sZ_XKZMO.js                   11.99 kB Γöé gzip:   3.00 kB
dist/assets/Safari-ZPL37GXR-CoG_eUpy.js                  13.75 kB Γöé gzip:   3.77 kB
dist/assets/Firefox-AAHGJQIP-BtIwIp5k.js                 15.18 kB Γöé gzip:   3.42 kB
dist/assets/sanko-RHQYXGM5-B2nED-d6.js                   21.92 kB Γöé gzip:  16.45 kB
dist/assets/assets-Q6ZU7ZJ5-CIb3r2c6.js                  23.61 kB Γöé gzip:   4.14 kB
dist/assets/Macos-MW4AE7LN-CFxAqK4L.js                   49.67 kB Γöé gzip:  35.86 kB
dist/assets/zh_CN-HJBN674C-BCHPfIj1.js                   53.47 kB Γöé gzip:   5.64 kB
dist/assets/zh_TW-VNNRNXY7-CFNcU7l8.js                   53.47 kB Γöé gzip:   5.29 kB
dist/assets/zh_HK-JW3WLRKE-BAelczI3.js                   54.33 kB Γöé gzip:   5.37 kB
dist/assets/id_ID-KUOB4UAL-DFW30bI-.js                   58.81 kB Γöé gzip:   5.37 kB
dist/assets/ms_MY-6VZW6Q3Z-ERKF-QXi.js                   59.64 kB Γöé gzip:   4.99 kB
dist/assets/pt_BR-N3XOZ4SV-DK7Dm0Dl.js                   59.95 kB Γöé gzip:   5.15 kB
dist/assets/es_419-HRGOJ6VT-RDwUZHcB.js                  60.29 kB Γöé gzip:   5.51 kB
dist/assets/tr_TR-QUPUGMUF-CoxxF45m.js                   61.97 kB Γöé gzip:   5.61 kB
dist/assets/ko_KR-I2K7AIEP-Bt2febSD.js                   63.97 kB Γöé gzip:   6.39 kB
dist/assets/de_DE-PYAO5YD6-DeeAcF3u.js                   65.39 kB Γöé gzip:   5.48 kB
dist/assets/fr_FR-IGGVC6RM-DFPIu4pG.js                   66.05 kB Γöé gzip:   5.45 kB
dist/assets/vi_VN-7BUVRNYY-BFAlXLk4.js                   67.43 kB Γöé gzip:   5.34 kB
dist/assets/ar_AR-44JUQ6EW-Dm8c8Rpb.js                   69.61 kB Γöé gzip:   6.03 kB
dist/assets/ja_JP-4WRQ63RX-C0C_wHqp.js                   72.04 kB Γöé gzip:   6.46 kB
dist/assets/uk_UA-SSN6SV5E-CGjy3gt5.js                   87.22 kB Γöé gzip:   6.23 kB
dist/assets/ru_RU-IITAPRET-B3ic_zQj.js                   88.78 kB Γöé gzip:   6.84 kB
dist/assets/Linux-OO4TNCLJ-BGHP1Ygs.js                   91.13 kB Γöé gzip:  15.63 kB
dist/assets/th_TH-3ZQCKCQE-C1YzOnB5.js                  104.06 kB Γöé gzip:   7.56 kB
dist/assets/hi_IN-XSKAA3MF-B4EZxzFk.js                  107.99 kB Γöé gzip:   8.00 kB
dist/assets/index-tDbPtYeZ.js                         1,387.87 kB Γöé gzip: 427.09 kB

node.exe : [33m[plugin builtin:vite-reporter] 
At C:\Program Files\nodejs\npm.ps1:29 char:3
+   & $NODE_EXE $NPM_CLI_JS $args
+   ~~~~~~~~~~~~~~~~~~~~~~~~~~~~~
    + CategoryInfo          : NotSpecified: ([33m[plugin builtin:vite-reporter] :String) [], RemoteException
    + FullyQualifiedErrorId : NativeCommandError
 
(!) Some chunks are larger than 500 kB after minification. Consider:
- Using dynamic import() to code-split the application
- Use build.rolldownOptions.output.codeSplitting to improve chunking: 
https://rolldown.rs/reference/OutputOptions.codeSplitting
- Adjust chunk size limit for this warning via build.chunkSizeWarningLimit.[39m
[31mΓ£ù[39m Build failed in 1.64s
[31merror during build:
[31mBuild failed with 1 error:

Error: [vite]: Rolldown failed to resolve import "react-is" from 
"D:/PythonTool/SquadFun/frontend/node_modules/recharts/es6/util/ReactUtils.js".
This is most likely unintended because it can break your application at runtime.
If you do want to externalize this module explicitly add it to
`build.rollupOptions.external`
    at viteLog (file:///D:/PythonTool/SquadFun/frontend/node_modules/vite/dist/node/chunks/node.js:33111:57)
    at file:///D:/PythonTool/SquadFun/frontend/node_modules/vite/dist/node/chunks/node.js:33147:71
    at onwarn (file:///D:/PythonTool/SquadFun/frontend/node_modules/@vitejs/plugin-react/dist/index.js:40:7)
    at file:///D:/PythonTool/SquadFun/frontend/node_modules/vite/dist/node/chunks/node.js:33147:28
    at onRollupLog (file:///D:/PythonTool/SquadFun/frontend/node_modules/vite/dist/node/chunks/node.js:33142:63)
    at onLog (file:///D:/PythonTool/SquadFun/frontend/node_modules/vite/dist/node/chunks/node.js:32911:4)
    at file:///D:/PythonTool/SquadFun/frontend/node_modules/rolldown/dist/shared/rolldown-build-DSxL8qiP.mjs:50:26
    at logger 
(file:///D:/PythonTool/SquadFun/frontend/node_modules/rolldown/dist/shared/rolldown-build-DSxL8qiP.mjs:41:3)
    at onLog (file:///D:/PythonTool/SquadFun/frontend/node_modules/rolldown/dist/shared/bindingify-input-options-DbbBhz
ky.mjs:1991:32)[31m
    at aggregateBindingErrorsIntoJsError 
(file:///D:/PythonTool/SquadFun/frontend/node_modules/rolldown/dist/shared/error-DL-e8-oE.mjs:48:18)
    at unwrapBindingResult 
(file:///D:/PythonTool/SquadFun/frontend/node_modules/rolldown/dist/shared/error-DL-e8-oE.mjs:18:128)
    at #build 
(file:///D:/PythonTool/SquadFun/frontend/node_modules/rolldown/dist/shared/rolldown-build-DSxL8qiP.mjs:3317:34)
    at async buildEnvironment 
(file:///D:/PythonTool/SquadFun/frontend/node_modules/vite/dist/node/chunks/node.js:33018:64)
    at async Object.build (file:///D:/PythonTool/SquadFun/frontend/node_modules/vite/dist/node/chunks/node.js:33440:19)
    at async Object.buildApp 
(file:///D:/PythonTool/SquadFun/frontend/node_modules/vite/dist/node/chunks/node.js:33437:153)
    at async CAC.<anonymous> (file:///D:/PythonTool/SquadFun/frontend/node_modules/vite/dist/node/cli.js:778:3) {
  errors: [Getter/Setter]
}[39m
